src/components/roles/RoleAccordion.tsx(297,42): error TS2339: Property 'is_our_bot' does not exist on type 'Role'.
src/components/roles/RoleAccordion.tsx(415,19): error TS2322: Type '((role: Role) => void) | undefined' is not assignable to type '((role: RoleItem) => void) | undefined'.
  Type '(role: Role) => void' is not assignable to type '(role: RoleItem) => void'.
    Types of parameters 'role' and 'role' are incompatible.
      Type 'RoleItem' is missing the following properties from type 'Role': hoist, mentionable, category_id
src/components/roles/RoleAccordion.tsx(444,15): error TS2322: Type '((role: Role) => void) | undefined' is not assignable to type '((role: RoleItem) => void) | undefined'.
  Type '(role: Role) => void' is not assignable to type '(role: RoleItem) => void'.
    Types of parameters 'role' and 'role' are incompatible.
      Type 'RoleItem' is missing the following properties from type 'Role': hoist, mentionable, category_id
